name: basic_sanity
result: pass
matches:
  test: 66648
