---
name: missing_dep
result: not run
errors:
  - unresolved import [start]
...


