---
name: missing_deps
result: not run
errors:
  - unresolved import [a]
  - unresolved import [b]
...


