---
name: sig_file_test
result: pass
matches:
  test: 0x10458
...


